// Vitest Snapshot v1, https://vitest.dev/guide/snapshot.html

exports[`<Navbar /> > should render the heading 1`] = `
<body>
  <div>
    <div>
      <h1>
        Navbar
      </h1>
    </div>
  </div>
</body>
`;
